Subject: Sam T. wants to be friends
Preheader: Accept or decline in the app.

Dancing with the Stars | Armchair Judge

Sam T. wants to be friends

Sam T. sent you a friend request on Armchair Judge. Friends see each other on the friends leaderboard once they've played the same episode.

See the request: https://dwts.armchairjudge.com/notifications/

--
You're getting this because someone sent you a friend request on Armchair Judge.
Unsubscribe from invites and requests: https://u.test/social/dwts
Unsubscribe from all Armchair Judge email: https://u.test/all/dwts
Email settings: https://dwts.armchairjudge.com/profile/#settings
Replies to this address aren't read.
Not affiliated with Dancing with the Stars, ABC, Disney or the show's producers.

<!doctype html>
<html lang="en">
<head>
<meta charset="utf-8">
<meta name="viewport" content="width=device-width, initial-scale=1">
<meta name="color-scheme" content="dark">
<meta name="supported-color-schemes" content="dark">
<title>Sam T. wants to be friends</title>
<style>
:root { color-scheme: dark; supported-color-schemes: dark; }
@media (max-width: 620px) { .wrap { padding: 20px 16px !important; } }
</style>
</head>
<body style="margin:0;padding:0;background:#02081e" bgcolor="#02081e">
<div style="display:none;max-height:0;overflow:hidden;opacity:0;color:#02081e">Accept or decline in the app.&#847;&zwnj;&nbsp;&#847;&zwnj;&nbsp;&#847;&zwnj;&nbsp;</div>
<table role="presentation" width="100%" cellpadding="0" cellspacing="0" border="0" bgcolor="#02081e" style="background:#02081e">
<tr><td align="center" style="padding:24px 12px">
<table role="presentation" width="100%" cellpadding="0" cellspacing="0" border="0" style="max-width:600px">
<tr><td align="center" style="padding:6px 0 18px">
<a href="https://dwts.armchairjudge.com/" style="text-decoration:none">
<img src="https://dwts.armchairjudge.com/email/dwts-mark.png" width="56" height="56" alt="" style="display:block;margin:0 auto 10px;border:0;border-radius:14px">
<div style="font:20px/1.1 'Archivo Black','Arial Black',Arial,Helvetica,sans-serif;letter-spacing:0.16em;text-transform:uppercase;color:#e8c268">Dancing with the Stars</div>
<div style="margin-top:6px;font:12px/1 Poppins,'Helvetica Neue',Helvetica,Arial,sans-serif;letter-spacing:0.22em;text-transform:uppercase;color:#9aa5c0">Armchair Judge</div>
</a>
</td></tr>
<tr><td class="wrap" bgcolor="#0a1440" style="background:#0a1440;border-top:3px solid #e8c268;border-radius:14px;padding:28px 28px 24px">
<h1 style="margin:0 0 16px;font:26px/1.2 'Archivo Black','Arial Black',Arial,Helvetica,sans-serif;color:#f3f1ea">Sam T. wants to be friends</h1>
<p style="margin:0 0 14px;font:16px/1.55 Poppins,'Helvetica Neue',Helvetica,Arial,sans-serif;color:#f3f1ea">Sam T. sent you a friend request on Armchair Judge. Friends see each other on the friends leaderboard once they&#x27;ve played the same episode.</p>
<table role="presentation" cellpadding="0" cellspacing="0" border="0" style="margin:24px 0 8px">
<tr><td bgcolor="#e8c268" style="border-radius:8px;background:#e8c268">
<a href="https://dwts.armchairjudge.com/notifications/" style="display:inline-block;padding:14px 26px;font:700 16px/1 Poppins,'Helvetica Neue',Helvetica,Arial,sans-serif;color:#0a1440;text-decoration:none;border-radius:8px">See the request</a>
</td></tr></table>
</td></tr>
<tr><td style="padding:22px 8px 8px;font:12px/1.6 Poppins,'Helvetica Neue',Helvetica,Arial,sans-serif;color:#9aa5c0">
<p style="margin:0 0 8px">You&#x27;re getting this because someone sent you a friend request on Armchair Judge.</p>
<p style="margin:0 0 8px"><a href="https://u.test/social/dwts" style="color:#9aa5c0;text-decoration:underline">Unsubscribe from invites and requests</a> &middot; <a href="https://u.test/all/dwts" style="color:#9aa5c0;text-decoration:underline">Unsubscribe from all Armchair Judge email</a> &middot; <a href="https://dwts.armchairjudge.com/profile/#settings" style="color:#9aa5c0;text-decoration:underline">Email settings</a></p>
<p style="margin:0 0 8px">Replies to this address aren't read. To reach us, open <a href="https://dwts.armchairjudge.com/" style="color:#9aa5c0">dwts.armchairjudge.com</a>.</p>
<p style="margin:0">Not affiliated with Dancing with the Stars, ABC, Disney or the show&#x27;s producers.</p>
</td></tr>
</table>
</td></tr></table>
</body>
</html>