Subject: Your Week 4 DWTS results are in
Preheader: Your numbers, your groups and the top of the table.

Dancing with the Stars | Armchair Judge

Week 4: your results

This week: 1.38 off
Rank: #4 of 37
Move: up 2
Across 11 dances you were 1.38 points off the judges on average. Closest call: a perfect match on 3 dances.

Ballroom Bandits
1. Maya R.  1.21 off  up 1
2. Jordan P. (you)  1.38 off  up 1
3. Sam T.  1.52 off  down 2

Everyone
1. Ellis W.  0.97 off
2. Maya R.  1.10 off  up 3
3. Chris D.  1.14 off  down 1
4. Jordan P. (you)  1.21 off  up 2

Top of Week 4
1. Maya R.  0.64 off
2. Ellis W.  0.81 off
3. Taylor B.  0.88 off

See Week 4: https://dwts.armchairjudge.com/leaderboard/

--
You're getting this because you play Dancing with the Stars on Armchair Judge.
Unsubscribe from these: https://u.test/dwts.digest/dwts
Stop all email for Dancing with the Stars: https://u.test/dwts/dwts
Email settings: https://dwts.armchairjudge.com/profile/#settings
Replies to this address aren't read.
Not affiliated with Dancing with the Stars, ABC, Disney or the show's producers.

<!doctype html>
<html lang="en">
<head>
<meta charset="utf-8">
<meta name="viewport" content="width=device-width, initial-scale=1">
<meta name="color-scheme" content="dark">
<meta name="supported-color-schemes" content="dark">
<title>Week 4: your results</title>
<style>
:root { color-scheme: dark; supported-color-schemes: dark; }
@media (max-width: 620px) { .wrap { padding: 20px 16px !important; } }
</style>
</head>
<body style="margin:0;padding:0;background:#02081e" bgcolor="#02081e">
<div style="display:none;max-height:0;overflow:hidden;opacity:0;color:#02081e">Your numbers, your groups and the top of the table.&#847;&zwnj;&nbsp;&#847;&zwnj;&nbsp;&#847;&zwnj;&nbsp;</div>
<table role="presentation" width="100%" cellpadding="0" cellspacing="0" border="0" bgcolor="#02081e" style="background:#02081e">
<tr><td align="center" style="padding:24px 12px">
<table role="presentation" width="100%" cellpadding="0" cellspacing="0" border="0" style="max-width:600px">
<tr><td align="center" style="padding:6px 0 18px">
<a href="https://dwts.armchairjudge.com/" style="text-decoration:none">
<img src="https://dwts.armchairjudge.com/email/dwts-mark.png" width="56" height="56" alt="" style="display:block;margin:0 auto 10px;border:0;border-radius:14px">
<div style="font:20px/1.1 'Archivo Black','Arial Black',Arial,Helvetica,sans-serif;letter-spacing:0.16em;text-transform:uppercase;color:#e8c268">Dancing with the Stars</div>
<div style="margin-top:6px;font:12px/1 Poppins,'Helvetica Neue',Helvetica,Arial,sans-serif;letter-spacing:0.22em;text-transform:uppercase;color:#9aa5c0">Armchair Judge</div>
</a>
</td></tr>
<tr><td class="wrap" bgcolor="#0a1440" style="background:#0a1440;border-top:3px solid #e8c268;border-radius:14px;padding:28px 28px 24px">
<h1 style="margin:0 0 16px;font:26px/1.2 'Archivo Black','Arial Black',Arial,Helvetica,sans-serif;color:#f3f1ea">Week 4: your results</h1>
<table role="presentation" width="100%" cellpadding="0" cellspacing="0" border="0" bgcolor="#111d55" style="background:#111d55;border-radius:10px;margin:4px 0 18px">
<tr><td width="33%" align="center" valign="top" style="padding:14px 6px">
<div style="font:24px/1.1 'Archivo Black','Arial Black',Arial,Helvetica,sans-serif;color:#e8c268">1.38 off</div>
<div style="margin-top:6px;font:12px/1.3 Poppins,'Helvetica Neue',Helvetica,Arial,sans-serif;letter-spacing:0.06em;text-transform:uppercase;color:#9aa5c0">This week</div>
</td><td width="33%" align="center" valign="top" style="padding:14px 6px">
<div style="font:24px/1.1 'Archivo Black','Arial Black',Arial,Helvetica,sans-serif;color:#e8c268">#4 of 37</div>
<div style="margin-top:6px;font:12px/1.3 Poppins,'Helvetica Neue',Helvetica,Arial,sans-serif;letter-spacing:0.06em;text-transform:uppercase;color:#9aa5c0">Rank</div>
</td><td width="33%" align="center" valign="top" style="padding:14px 6px">
<div style="font:24px/1.1 'Archivo Black','Arial Black',Arial,Helvetica,sans-serif;color:#e8c268">up 2</div>
<div style="margin-top:6px;font:12px/1.3 Poppins,'Helvetica Neue',Helvetica,Arial,sans-serif;letter-spacing:0.06em;text-transform:uppercase;color:#9aa5c0">Move</div>
</td></tr></table>
<p style="margin:0 0 14px;font:16px/1.55 Poppins,'Helvetica Neue',Helvetica,Arial,sans-serif;color:#f3f1ea">Across 11 dances you were 1.38 points off the judges on average. Closest call: a perfect match on 3 dances.</p>
<h2 style="margin:22px 0 6px;font:15px/1.3 'Archivo Black','Arial Black',Arial,Helvetica,sans-serif;letter-spacing:0.08em;text-transform:uppercase;color:#f7e2a4">Ballroom Bandits</h2>
<table role="presentation" width="100%" cellpadding="0" cellspacing="0" border="0" style="border-top:1px solid #b8892f">
<tr>
<td width="36" style="padding:8px 0;font:700 14px Poppins,'Helvetica Neue',Helvetica,Arial,sans-serif;color:#9aa5c0">1</td>
<td style="padding:8px 6px;font:400 15px Poppins,'Helvetica Neue',Helvetica,Arial,sans-serif;color:#f3f1ea">Maya R.</td>
<td align="right" style="padding:8px 0;font:400 15px Poppins,'Helvetica Neue',Helvetica,Arial,sans-serif;color:#f3f1ea;white-space:nowrap">1.21 off</td>
<td align="right" width="64" style="padding:8px 0 8px 8px;font:12px Poppins,'Helvetica Neue',Helvetica,Arial,sans-serif;color:#9aa5c0;white-space:nowrap">up 1</td>
</tr><tr>
<td width="36" style="padding:8px 0;font:700 14px Poppins,'Helvetica Neue',Helvetica,Arial,sans-serif;color:#9aa5c0">2</td>
<td style="padding:8px 6px;font:700 15px Poppins,'Helvetica Neue',Helvetica,Arial,sans-serif;color:#e8c268">Jordan P. (you)</td>
<td align="right" style="padding:8px 0;font:700 15px Poppins,'Helvetica Neue',Helvetica,Arial,sans-serif;color:#e8c268;white-space:nowrap">1.38 off</td>
<td align="right" width="64" style="padding:8px 0 8px 8px;font:12px Poppins,'Helvetica Neue',Helvetica,Arial,sans-serif;color:#9aa5c0;white-space:nowrap">up 1</td>
</tr><tr>
<td width="36" style="padding:8px 0;font:700 14px Poppins,'Helvetica Neue',Helvetica,Arial,sans-serif;color:#9aa5c0">3</td>
<td style="padding:8px 6px;font:400 15px Poppins,'Helvetica Neue',Helvetica,Arial,sans-serif;color:#f3f1ea">Sam T.</td>
<td align="right" style="padding:8px 0;font:400 15px Poppins,'Helvetica Neue',Helvetica,Arial,sans-serif;color:#f3f1ea;white-space:nowrap">1.52 off</td>
<td align="right" width="64" style="padding:8px 0 8px 8px;font:12px Poppins,'Helvetica Neue',Helvetica,Arial,sans-serif;color:#9aa5c0;white-space:nowrap">down 2</td>
</tr></table>
<h2 style="margin:22px 0 6px;font:15px/1.3 'Archivo Black','Arial Black',Arial,Helvetica,sans-serif;letter-spacing:0.08em;text-transform:uppercase;color:#f7e2a4">Everyone</h2>
<table role="presentation" width="100%" cellpadding="0" cellspacing="0" border="0" style="border-top:1px solid #b8892f">
<tr>
<td width="36" style="padding:8px 0;font:700 14px Poppins,'Helvetica Neue',Helvetica,Arial,sans-serif;color:#9aa5c0">1</td>
<td style="padding:8px 6px;font:400 15px Poppins,'Helvetica Neue',Helvetica,Arial,sans-serif;color:#f3f1ea">Ellis W.</td>
<td align="right" style="padding:8px 0;font:400 15px Poppins,'Helvetica Neue',Helvetica,Arial,sans-serif;color:#f3f1ea;white-space:nowrap">0.97 off</td>
<td align="right" width="64" style="padding:8px 0 8px 8px;font:12px Poppins,'Helvetica Neue',Helvetica,Arial,sans-serif;color:#9aa5c0;white-space:nowrap"></td>
</tr><tr>
<td width="36" style="padding:8px 0;font:700 14px Poppins,'Helvetica Neue',Helvetica,Arial,sans-serif;color:#9aa5c0">2</td>
<td style="padding:8px 6px;font:400 15px Poppins,'Helvetica Neue',Helvetica,Arial,sans-serif;color:#f3f1ea">Maya R.</td>
<td align="right" style="padding:8px 0;font:400 15px Poppins,'Helvetica Neue',Helvetica,Arial,sans-serif;color:#f3f1ea;white-space:nowrap">1.10 off</td>
<td align="right" width="64" style="padding:8px 0 8px 8px;font:12px Poppins,'Helvetica Neue',Helvetica,Arial,sans-serif;color:#9aa5c0;white-space:nowrap">up 3</td>
</tr><tr>
<td width="36" style="padding:8px 0;font:700 14px Poppins,'Helvetica Neue',Helvetica,Arial,sans-serif;color:#9aa5c0">3</td>
<td style="padding:8px 6px;font:400 15px Poppins,'Helvetica Neue',Helvetica,Arial,sans-serif;color:#f3f1ea">Chris D.</td>
<td align="right" style="padding:8px 0;font:400 15px Poppins,'Helvetica Neue',Helvetica,Arial,sans-serif;color:#f3f1ea;white-space:nowrap">1.14 off</td>
<td align="right" width="64" style="padding:8px 0 8px 8px;font:12px Poppins,'Helvetica Neue',Helvetica,Arial,sans-serif;color:#9aa5c0;white-space:nowrap">down 1</td>
</tr><tr>
<td width="36" style="padding:8px 0;font:700 14px Poppins,'Helvetica Neue',Helvetica,Arial,sans-serif;color:#9aa5c0">4</td>
<td style="padding:8px 6px;font:700 15px Poppins,'Helvetica Neue',Helvetica,Arial,sans-serif;color:#e8c268">Jordan P. (you)</td>
<td align="right" style="padding:8px 0;font:700 15px Poppins,'Helvetica Neue',Helvetica,Arial,sans-serif;color:#e8c268;white-space:nowrap">1.21 off</td>
<td align="right" width="64" style="padding:8px 0 8px 8px;font:12px Poppins,'Helvetica Neue',Helvetica,Arial,sans-serif;color:#9aa5c0;white-space:nowrap">up 2</td>
</tr></table>
<h2 style="margin:22px 0 6px;font:15px/1.3 'Archivo Black','Arial Black',Arial,Helvetica,sans-serif;letter-spacing:0.08em;text-transform:uppercase;color:#f7e2a4">Top of Week 4</h2>
<table role="presentation" width="100%" cellpadding="0" cellspacing="0" border="0" style="border-top:1px solid #b8892f">
<tr>
<td width="36" style="padding:8px 0;font:700 14px Poppins,'Helvetica Neue',Helvetica,Arial,sans-serif;color:#9aa5c0">1</td>
<td style="padding:8px 6px;font:400 15px Poppins,'Helvetica Neue',Helvetica,Arial,sans-serif;color:#f3f1ea">Maya R.</td>
<td align="right" style="padding:8px 0;font:400 15px Poppins,'Helvetica Neue',Helvetica,Arial,sans-serif;color:#f3f1ea;white-space:nowrap">0.64 off</td>
<td align="right" width="64" style="padding:8px 0 8px 8px;font:12px Poppins,'Helvetica Neue',Helvetica,Arial,sans-serif;color:#9aa5c0;white-space:nowrap"></td>
</tr><tr>
<td width="36" style="padding:8px 0;font:700 14px Poppins,'Helvetica Neue',Helvetica,Arial,sans-serif;color:#9aa5c0">2</td>
<td style="padding:8px 6px;font:400 15px Poppins,'Helvetica Neue',Helvetica,Arial,sans-serif;color:#f3f1ea">Ellis W.</td>
<td align="right" style="padding:8px 0;font:400 15px Poppins,'Helvetica Neue',Helvetica,Arial,sans-serif;color:#f3f1ea;white-space:nowrap">0.81 off</td>
<td align="right" width="64" style="padding:8px 0 8px 8px;font:12px Poppins,'Helvetica Neue',Helvetica,Arial,sans-serif;color:#9aa5c0;white-space:nowrap"></td>
</tr><tr>
<td width="36" style="padding:8px 0;font:700 14px Poppins,'Helvetica Neue',Helvetica,Arial,sans-serif;color:#9aa5c0">3</td>
<td style="padding:8px 6px;font:400 15px Poppins,'Helvetica Neue',Helvetica,Arial,sans-serif;color:#f3f1ea">Taylor B.</td>
<td align="right" style="padding:8px 0;font:400 15px Poppins,'Helvetica Neue',Helvetica,Arial,sans-serif;color:#f3f1ea;white-space:nowrap">0.88 off</td>
<td align="right" width="64" style="padding:8px 0 8px 8px;font:12px Poppins,'Helvetica Neue',Helvetica,Arial,sans-serif;color:#9aa5c0;white-space:nowrap"></td>
</tr></table>
<table role="presentation" cellpadding="0" cellspacing="0" border="0" style="margin:24px 0 8px">
<tr><td bgcolor="#e8c268" style="border-radius:8px;background:#e8c268">
<a href="https://dwts.armchairjudge.com/leaderboard/" style="display:inline-block;padding:14px 26px;font:700 16px/1 Poppins,'Helvetica Neue',Helvetica,Arial,sans-serif;color:#0a1440;text-decoration:none;border-radius:8px">See Week 4</a>
</td></tr></table>
</td></tr>
<tr><td style="padding:22px 8px 8px;font:12px/1.6 Poppins,'Helvetica Neue',Helvetica,Arial,sans-serif;color:#9aa5c0">
<p style="margin:0 0 8px">You&#x27;re getting this because you play Dancing with the Stars on Armchair Judge.</p>
<p style="margin:0 0 8px"><a href="https://u.test/dwts.digest/dwts" style="color:#9aa5c0;text-decoration:underline">Unsubscribe from these</a> &middot; <a href="https://u.test/dwts/dwts" style="color:#9aa5c0;text-decoration:underline">Stop all email for Dancing with the Stars</a> &middot; <a href="https://dwts.armchairjudge.com/profile/#settings" style="color:#9aa5c0;text-decoration:underline">Email settings</a></p>
<p style="margin:0 0 8px">Replies to this address aren't read. To reach us, open <a href="https://dwts.armchairjudge.com/" style="color:#9aa5c0">dwts.armchairjudge.com</a>.</p>
<p style="margin:0">Not affiliated with Dancing with the Stars, ABC, Disney or the show&#x27;s producers.</p>
</td></tr>
</table>
</td></tr></table>
</body>
</html>