Subject: Leo M. wants to be friends
Preheader: Accept or decline in the app.

The Traitors | Armchair Judge

Leo M. wants to be friends

Leo M. sent you a friend request on Armchair Judge. Friends see each other on the friends leaderboard once they've played the same episode.

See the request: https://traitors.armchairjudge.com/

--
You're getting this because someone sent you a friend request on Armchair Judge.
Unsubscribe from invites and requests: https://u.test/social/traitors
Unsubscribe from all Armchair Judge email: https://u.test/all/traitors
Email settings: https://traitors.armchairjudge.com/settings/
Replies to this address aren't read.
Not affiliated with The Traitors, BBC, NBC or Peacock.

<!doctype html>
<html lang="en">
<head>
<meta charset="utf-8">
<meta name="viewport" content="width=device-width, initial-scale=1">
<meta name="color-scheme" content="dark">
<meta name="supported-color-schemes" content="dark">
<title>Leo M. wants to be friends</title>
<style>
:root { color-scheme: dark; supported-color-schemes: dark; }
@media (max-width: 620px) { .wrap { padding: 20px 16px !important; } }
</style>
</head>
<body style="margin:0;padding:0;background:#0a0d0b" bgcolor="#0a0d0b">
<div style="display:none;max-height:0;overflow:hidden;opacity:0;color:#0a0d0b">Accept or decline in the app.&#847;&zwnj;&nbsp;&#847;&zwnj;&nbsp;&#847;&zwnj;&nbsp;</div>
<table role="presentation" width="100%" cellpadding="0" cellspacing="0" border="0" bgcolor="#0a0d0b" style="background:#0a0d0b">
<tr><td align="center" style="padding:24px 12px">
<table role="presentation" width="100%" cellpadding="0" cellspacing="0" border="0" style="max-width:600px">
<tr><td align="center" style="padding:6px 0 18px">
<a href="https://traitors.armchairjudge.com/" style="text-decoration:none">
<img src="https://traitors.armchairjudge.com/email/traitors-mark.png" width="56" height="56" alt="" style="display:block;margin:0 auto 10px;border:0;border-radius:14px">
<div style="font:20px/1.1 Cinzel,'Trajan Pro',Georgia,'Times New Roman',serif;letter-spacing:0.16em;text-transform:uppercase;color:#e9b949">The Traitors</div>
<div style="margin-top:6px;font:12px/1 'EB Garamond',Georgia,'Times New Roman',serif;letter-spacing:0.22em;text-transform:uppercase;color:#9a9c92">Armchair Judge</div>
</a>
</td></tr>
<tr><td class="wrap" bgcolor="#151a17" style="background:#151a17;border-top:3px solid #e9b949;border-radius:14px;padding:28px 28px 24px">
<h1 style="margin:0 0 16px;font:26px/1.2 Cinzel,'Trajan Pro',Georgia,'Times New Roman',serif;color:#eadbb8">Leo M. wants to be friends</h1>
<p style="margin:0 0 14px;font:16px/1.55 'EB Garamond',Georgia,'Times New Roman',serif;color:#eadbb8">Leo M. sent you a friend request on Armchair Judge. Friends see each other on the friends leaderboard once they&#x27;ve played the same episode.</p>
<table role="presentation" cellpadding="0" cellspacing="0" border="0" style="margin:24px 0 8px">
<tr><td bgcolor="#c79a3a" style="border-radius:8px;background:#c79a3a">
<a href="https://traitors.armchairjudge.com/" style="display:inline-block;padding:14px 26px;font:700 16px/1 'EB Garamond',Georgia,'Times New Roman',serif;color:#0a0d0b;text-decoration:none;border-radius:8px">See the request</a>
</td></tr></table>
</td></tr>
<tr><td style="padding:22px 8px 8px;font:12px/1.6 'EB Garamond',Georgia,'Times New Roman',serif;color:#9a9c92">
<p style="margin:0 0 8px">You&#x27;re getting this because someone sent you a friend request on Armchair Judge.</p>
<p style="margin:0 0 8px"><a href="https://u.test/social/traitors" style="color:#9a9c92;text-decoration:underline">Unsubscribe from invites and requests</a> &middot; <a href="https://u.test/all/traitors" style="color:#9a9c92;text-decoration:underline">Unsubscribe from all Armchair Judge email</a> &middot; <a href="https://traitors.armchairjudge.com/settings/" style="color:#9a9c92;text-decoration:underline">Email settings</a></p>
<p style="margin:0 0 8px">Replies to this address aren't read. To reach us, open <a href="https://traitors.armchairjudge.com/" style="color:#9a9c92">traitors.armchairjudge.com</a>.</p>
<p style="margin:0">Not affiliated with The Traitors, BBC, NBC or Peacock.</p>
</td></tr>
</table>
</td></tr></table>
</body>
</html>