Subject: Your Episodes 4-5 The Traitors results are in
Preheader: Finish Episodes 4-5 in the app to see how you did.

The Traitors | Armchair Judge

Episodes 4-5 results are in

You haven't finished Episodes 4-5 yet, so nothing from it is in this email. Finish it in the app to see your numbers and where you stand.
Standings below run through Episode 3, the last one you've finished.
Season: 27 pts
Rank: #5 of 22
Through Episode 3 you had 27 points.

Round Table Regulars
1. Priya K.  31 pts
2. Jordan P. (you)  27 pts  up 1
3. Leo M.  22 pts  down 1

Finish Episodes 4-5: https://traitors.armchairjudge.com/episode/?ep=4&season=tus-5

--
You're getting this because you play The Traitors on Armchair Judge.
Unsubscribe from these: https://u.test/traitors.digest/traitors
Stop all email for The Traitors: https://u.test/traitors/traitors
Email settings: https://traitors.armchairjudge.com/settings/
Replies to this address aren't read.
Not affiliated with The Traitors, BBC, NBC or Peacock.

<!doctype html>
<html lang="en">
<head>
<meta charset="utf-8">
<meta name="viewport" content="width=device-width, initial-scale=1">
<meta name="color-scheme" content="dark">
<meta name="supported-color-schemes" content="dark">
<title>Episodes 4-5 results are in</title>
<style>
:root { color-scheme: dark; supported-color-schemes: dark; }
@media (max-width: 620px) { .wrap { padding: 20px 16px !important; } }
</style>
</head>
<body style="margin:0;padding:0;background:#0a0d0b" bgcolor="#0a0d0b">
<div style="display:none;max-height:0;overflow:hidden;opacity:0;color:#0a0d0b">Finish Episodes 4-5 in the app to see how you did.&#847;&zwnj;&nbsp;&#847;&zwnj;&nbsp;&#847;&zwnj;&nbsp;</div>
<table role="presentation" width="100%" cellpadding="0" cellspacing="0" border="0" bgcolor="#0a0d0b" style="background:#0a0d0b">
<tr><td align="center" style="padding:24px 12px">
<table role="presentation" width="100%" cellpadding="0" cellspacing="0" border="0" style="max-width:600px">
<tr><td align="center" style="padding:6px 0 18px">
<a href="https://traitors.armchairjudge.com/" style="text-decoration:none">
<img src="https://traitors.armchairjudge.com/email/traitors-mark.png" width="56" height="56" alt="" style="display:block;margin:0 auto 10px;border:0;border-radius:14px">
<div style="font:20px/1.1 Cinzel,'Trajan Pro',Georgia,'Times New Roman',serif;letter-spacing:0.16em;text-transform:uppercase;color:#e9b949">The Traitors</div>
<div style="margin-top:6px;font:12px/1 'EB Garamond',Georgia,'Times New Roman',serif;letter-spacing:0.22em;text-transform:uppercase;color:#9a9c92">Armchair Judge</div>
</a>
</td></tr>
<tr><td class="wrap" bgcolor="#151a17" style="background:#151a17;border-top:3px solid #e9b949;border-radius:14px;padding:28px 28px 24px">
<h1 style="margin:0 0 16px;font:26px/1.2 Cinzel,'Trajan Pro',Georgia,'Times New Roman',serif;color:#eadbb8">Episodes 4-5 results are in</h1>
<p style="margin:0 0 14px;font:16px/1.55 'EB Garamond',Georgia,'Times New Roman',serif;color:#eadbb8">You haven&#x27;t finished Episodes 4-5 yet, so nothing from it is in this email. Finish it in the app to see your numbers and where you stand.</p>
<p style="margin:0 0 14px;font:16px/1.55 'EB Garamond',Georgia,'Times New Roman',serif;color:#9a9c92">Standings below run through Episode 3, the last one you&#x27;ve finished.</p>
<table role="presentation" width="100%" cellpadding="0" cellspacing="0" border="0" bgcolor="#13281d" style="background:#13281d;border-radius:10px;margin:4px 0 18px">
<tr><td width="50%" align="center" valign="top" style="padding:14px 6px">
<div style="font:24px/1.1 Cinzel,'Trajan Pro',Georgia,'Times New Roman',serif;color:#e9b949">27 pts</div>
<div style="margin-top:6px;font:12px/1.3 'EB Garamond',Georgia,'Times New Roman',serif;letter-spacing:0.06em;text-transform:uppercase;color:#9a9c92">Season</div>
</td><td width="50%" align="center" valign="top" style="padding:14px 6px">
<div style="font:24px/1.1 Cinzel,'Trajan Pro',Georgia,'Times New Roman',serif;color:#e9b949">#5 of 22</div>
<div style="margin-top:6px;font:12px/1.3 'EB Garamond',Georgia,'Times New Roman',serif;letter-spacing:0.06em;text-transform:uppercase;color:#9a9c92">Rank</div>
</td></tr></table>
<p style="margin:0 0 14px;font:16px/1.55 'EB Garamond',Georgia,'Times New Roman',serif;color:#eadbb8">Through Episode 3 you had 27 points.</p>
<h2 style="margin:22px 0 6px;font:15px/1.3 Cinzel,'Trajan Pro',Georgia,'Times New Roman',serif;letter-spacing:0.08em;text-transform:uppercase;color:#ffd27a">Round Table Regulars</h2>
<table role="presentation" width="100%" cellpadding="0" cellspacing="0" border="0" style="border-top:1px solid #1e4a33">
<tr>
<td width="36" style="padding:8px 0;font:700 14px 'EB Garamond',Georgia,'Times New Roman',serif;color:#9a9c92">1</td>
<td style="padding:8px 6px;font:400 15px 'EB Garamond',Georgia,'Times New Roman',serif;color:#eadbb8">Priya K.</td>
<td align="right" style="padding:8px 0;font:400 15px 'EB Garamond',Georgia,'Times New Roman',serif;color:#eadbb8;white-space:nowrap">31 pts</td>
<td align="right" width="64" style="padding:8px 0 8px 8px;font:12px 'EB Garamond',Georgia,'Times New Roman',serif;color:#9a9c92;white-space:nowrap"></td>
</tr><tr>
<td width="36" style="padding:8px 0;font:700 14px 'EB Garamond',Georgia,'Times New Roman',serif;color:#9a9c92">2</td>
<td style="padding:8px 6px;font:700 15px 'EB Garamond',Georgia,'Times New Roman',serif;color:#e9b949">Jordan P. (you)</td>
<td align="right" style="padding:8px 0;font:700 15px 'EB Garamond',Georgia,'Times New Roman',serif;color:#e9b949;white-space:nowrap">27 pts</td>
<td align="right" width="64" style="padding:8px 0 8px 8px;font:12px 'EB Garamond',Georgia,'Times New Roman',serif;color:#9a9c92;white-space:nowrap">up 1</td>
</tr><tr>
<td width="36" style="padding:8px 0;font:700 14px 'EB Garamond',Georgia,'Times New Roman',serif;color:#9a9c92">3</td>
<td style="padding:8px 6px;font:400 15px 'EB Garamond',Georgia,'Times New Roman',serif;color:#eadbb8">Leo M.</td>
<td align="right" style="padding:8px 0;font:400 15px 'EB Garamond',Georgia,'Times New Roman',serif;color:#eadbb8;white-space:nowrap">22 pts</td>
<td align="right" width="64" style="padding:8px 0 8px 8px;font:12px 'EB Garamond',Georgia,'Times New Roman',serif;color:#9a9c92;white-space:nowrap">down 1</td>
</tr></table>
<table role="presentation" cellpadding="0" cellspacing="0" border="0" style="margin:24px 0 8px">
<tr><td bgcolor="#c79a3a" style="border-radius:8px;background:#c79a3a">
<a href="https://traitors.armchairjudge.com/episode/?ep=4&amp;season=tus-5" style="display:inline-block;padding:14px 26px;font:700 16px/1 'EB Garamond',Georgia,'Times New Roman',serif;color:#0a0d0b;text-decoration:none;border-radius:8px">Finish Episodes 4-5</a>
</td></tr></table>
</td></tr>
<tr><td style="padding:22px 8px 8px;font:12px/1.6 'EB Garamond',Georgia,'Times New Roman',serif;color:#9a9c92">
<p style="margin:0 0 8px">You&#x27;re getting this because you play The Traitors on Armchair Judge.</p>
<p style="margin:0 0 8px"><a href="https://u.test/traitors.digest/traitors" style="color:#9a9c92;text-decoration:underline">Unsubscribe from these</a> &middot; <a href="https://u.test/traitors/traitors" style="color:#9a9c92;text-decoration:underline">Stop all email for The Traitors</a> &middot; <a href="https://traitors.armchairjudge.com/settings/" style="color:#9a9c92;text-decoration:underline">Email settings</a></p>
<p style="margin:0 0 8px">Replies to this address aren't read. To reach us, open <a href="https://traitors.armchairjudge.com/" style="color:#9a9c92">traitors.armchairjudge.com</a>.</p>
<p style="margin:0">Not affiliated with The Traitors, BBC, NBC or Peacock.</p>
</td></tr>
</table>
</td></tr></table>
</body>
</html>